#
# There is insufficient memory for the Java Runtime Environment to continue.
# Native memory allocation (malloc) failed to allocate 436320 bytes for Chunk::new
# Possible reasons:
#   The system is out of physical RAM or swap space
#   The process is running with CompressedOops enabled, and the Java Heap may be blocking the growth of the native heap
# Possible solutions:
#   Reduce memory load on the system
#   Increase physical memory or swap space
#   Check if swap backing store is full
#   Decrease Java heap size (-Xmx/-Xms)
#   Decrease number of Java threads
#   Decrease Java thread stack sizes (-Xss)
#   Set larger code cache with -XX:ReservedCodeCacheSize=
#   JVM is running with Zero Based Compressed Oops mode in which the Java heap is
#     placed in the first 32GB address space. The Java Heap base address is the
#     maximum limit for the native heap growth. Please use -XX:HeapBaseMinAddress
#     to set the Java Heap base and to place the Java Heap above 32GB virtual address.
# This output file may be truncated or incomplete.
#
#  Out of Memory Error (arena.cpp:189), pid=12128, tid=15940
#
# JRE version: OpenJDK Runtime Environment Temurin-17.0.8.1+1 (17.0.8.1+1) (build 17.0.8.1+1)
# Java VM: OpenJDK 64-Bit Server VM Temurin-17.0.8.1+1 (17.0.8.1+1, mixed mode, tiered, compressed oops, compressed class ptrs, g1 gc, windows-amd64)
# No core dump will be written. Minidumps are not enabled by default on client versions of Windows
#

---------------  S U M M A R Y ------------

Command Line: -Djpackage.app-version=4.4.10 -Dcompose.application.resources.dir=C:\Program Files\Processing\app\resources -Dcompose.application.configure.swing.globals=true -Dprocessing.version=4.4.10 -Dprocessing.revision=1310 -Dprocessing.contributions.source=https://contributions.processing.org/contribs -Dprocessing.download.page=https://processing.org/download/ -Dprocessing.download.latest=https://processing.org/download/latest.txt -Dprocessing.tutorials=https://processing.org/tutorials/ -Dsun.java2d.metal=true -Dawt.useSystemAAFontSettings=on -Dskiko.library.path=C:\Program Files\Processing\app -Djpackage.app-path=C:\Program Files\Processing\Processing.exe processing.app.ProcessingKt lsp

Host: AMD Ryzen 5 3400G with Radeon Vega Graphics    , 8 cores, 13G,  Windows 11 , 64 bit Build 22621 (10.0.22621.3672)
Time: Fri Jan 30 22:17:37 2026  Windows 11 , 64 bit Build 22621 (10.0.22621.3672) elapsed time: 2.358624 seconds (0d 0h 0m 2s)

---------------  T H R E A D  ---------------

Current thread (0x0000020f9d0ade00):  JavaThread "C2 CompilerThread0" daemon [_thread_in_native, id=15940, stack(0x0000005663000000,0x0000005663100000)]


Current CompileTask:
C2:   2358  392       4       java.io.WinNTFileSystem::normalize (143 bytes)

Stack: [0x0000005663000000,0x0000005663100000]
Native frames: (J=compiled Java code, j=interpreted, Vv=VM code, C=native code)
V  [jvm.dll+0x678b0a]
V  [jvm.dll+0x835e84]
V  [jvm.dll+0x83762e]
V  [jvm.dll+0x837c93]
V  [jvm.dll+0x24746f]
V  [jvm.dll+0xac20c]
V  [jvm.dll+0xac7dc]
V  [jvm.dll+0x365ca7]
V  [jvm.dll+0x3301a1]
V  [jvm.dll+0x32f64a]
V  [jvm.dll+0x219bf1]
V  [jvm.dll+0x219011]
V  [jvm.dll+0x1a534d]
V  [jvm.dll+0x228d8a]
V  [jvm.dll+0x226dcc]
V  [jvm.dll+0x7ec09b]
V  [jvm.dll+0x7e64ca]
V  [jvm.dll+0x677955]
C  [ucrtbase.dll+0x29333]
C  [KERNEL32.DLL+0x1257d]
C  [ntdll.dll+0x5af28]


---------------  P R O C E S S  ---------------

Threads class SMR info:
_java_thread_list=0x0000020f9d01f080, length=12, elements={
0x0000020ffbcad9e0, 0x0000020f9d06a380, 0x0000020f9d06fb40, 0x0000020f9d0a7020,
0x0000020f9d0a9900, 0x0000020f9d0aa970, 0x0000020f9d0aba50, 0x0000020f9d0ade00,
0x0000020f9d0ccb70, 0x0000020f9d0fbc00, 0x0000020f9d323450, 0x0000020f9d327b20
}

Java Threads: ( => current thread )
  0x0000020ffbcad9e0 JavaThread "main" [_thread_in_Java, id=17412, stack(0x0000005662300000,0x0000005662400000)]
  0x0000020f9d06a380 JavaThread "Reference Handler" daemon [_thread_blocked, id=15752, stack(0x0000005662a00000,0x0000005662b00000)]
  0x0000020f9d06fb40 JavaThread "Finalizer" daemon [_thread_blocked, id=16448, stack(0x0000005662b00000,0x0000005662c00000)]
  0x0000020f9d0a7020 JavaThread "Signal Dispatcher" daemon [_thread_blocked, id=16484, stack(0x0000005662c00000,0x0000005662d00000)]
  0x0000020f9d0a9900 JavaThread "Attach Listener" daemon [_thread_blocked, id=13816, stack(0x0000005662d00000,0x0000005662e00000)]
  0x0000020f9d0aa970 JavaThread "Service Thread" daemon [_thread_blocked, id=17444, stack(0x0000005662e00000,0x0000005662f00000)]
  0x0000020f9d0aba50 JavaThread "Monitor Deflation Thread" daemon [_thread_blocked, id=8376, stack(0x0000005662f00000,0x0000005663000000)]
=>0x0000020f9d0ade00 JavaThread "C2 CompilerThread0" daemon [_thread_in_native, id=15940, stack(0x0000005663000000,0x0000005663100000)]
  0x0000020f9d0ccb70 JavaThread "C1 CompilerThread0" daemon [_thread_in_vm, id=17036, stack(0x0000005663100000,0x0000005663200000)]
  0x0000020f9d0fbc00 JavaThread "Sweeper thread" daemon [_thread_blocked, id=9336, stack(0x0000005663200000,0x0000005663300000)]
  0x0000020f9d323450 JavaThread "Notification Thread" daemon [_thread_blocked, id=17676, stack(0x0000005663300000,0x0000005663400000)]
  0x0000020f9d327b20 JavaThread "Common-Cleaner" daemon [_thread_blocked, id=12760, stack(0x0000005663500000,0x0000005663600000)]

Other Threads:
  0x0000020f9d056690 VMThread "VM Thread" [stack: 0x0000005662900000,0x0000005662a00000] [id=17200]
  0x0000020f9d11fe50 WatcherThread [stack: 0x0000005663400000,0x0000005663500000] [id=18124]
  0x0000020ffbd0d100 GCTaskThread "GC Thread#0" [stack: 0x0000005662400000,0x0000005662500000] [id=17124]
  0x0000020ffbd0dcf0 ConcurrentGCThread "G1 Main Marker" [stack: 0x0000005662500000,0x0000005662600000] [id=17220]
  0x0000020ffbd0e610 ConcurrentGCThread "G1 Conc#0" [stack: 0x0000005662600000,0x0000005662700000] [id=16224]
  0x0000020fffeb0ba0 ConcurrentGCThread "G1 Refine#0" [stack: 0x0000005662700000,0x0000005662800000] [id=17016]
  0x0000020fffeb14e0 ConcurrentGCThread "G1 Service" [stack: 0x0000005662800000,0x0000005662900000] [id=16776]

Threads with active compile tasks:
C2 CompilerThread0     2413  392       4       java.io.WinNTFileSystem::normalize (143 bytes)
C1 CompilerThread0     2413  422       3       sun.nio.cs.UTF_8$Decoder::decodeLoop (28 bytes)

VM state: not at safepoint (normal execution)

VM Mutex/Monitor currently owned by a thread:  ([mutex/lock_event])
[0x0000020ff990b7d0] Metaspace_lock - owner thread: 0x0000020f9d0ccb70
[0x0000020ffbca8fa0] MethodData_lock - owner thread: 0x0000020f9d0ccb70

Heap address: 0x0000000721200000, size: 3566 MB, Compressed Oops mode: Zero based, Oop shift amount: 3

CDS archive(s) not mapped
Compressed class space mapped at: 0x0000000800000000-0x0000000840000000, reserved size: 1073741824
Narrow klass base: 0x0000000800000000, Narrow klass shift: 0, Narrow klass range: 0x40000000

GC Precious Log:
 CPUs: 8 total, 8 available
 Memory: 14261M
 Large Page Support: Disabled
 NUMA Support: Disabled
 Compressed Oops: Enabled (Zero based)
 Heap Region Size: 2M
 Heap Min Capacity: 8M
 Heap Initial Capacity: 224M
 Heap Max Capacity: 3566M
 Pre-touch: Disabled
 Parallel Workers: 8
 Concurrent Workers: 2
 Concurrent Refinement Workers: 8
 Periodic GC: Disabled

Heap:
 garbage-first heap   total 229376K, used 14336K [0x0000000721200000, 0x0000000800000000)
  region size 2048K, 9 young (18432K), 0 survivors (0K)
 Metaspace       used 4784K, committed 4864K, reserved 1114112K
  class space    used 448K, committed 512K, reserved 1048576K

Heap Regions: E=young(eden), S=young(survivor), O=old, HS=humongous(starts), HC=humongous(continues), CS=collection set, F=free, OA=open archive, CA=closed archive, TAMS=top-at-mark-start (previous, next)
|   0|0x0000000721200000, 0x0000000721200000, 0x0000000721400000|  0%| F|  |TAMS 0x0000000721200000, 0x0000000721200000| Untracked 
|   1|0x0000000721400000, 0x0000000721400000, 0x0000000721600000|  0%| F|  |TAMS 0x0000000721400000, 0x0000000721400000| Untracked 
|   2|0x0000000721600000, 0x0000000721600000, 0x0000000721800000|  0%| F|  |TAMS 0x0000000721600000, 0x0000000721600000| Untracked 
|   3|0x0000000721800000, 0x0000000721800000, 0x0000000721a00000|  0%| F|  |TAMS 0x0000000721800000, 0x0000000721800000| Untracked 
|   4|0x0000000721a00000, 0x0000000721a00000, 0x0000000721c00000|  0%| F|  |TAMS 0x0000000721a00000, 0x0000000721a00000| Untracked 
|   5|0x0000000721c00000, 0x0000000721c00000, 0x0000000721e00000|  0%| F|  |TAMS 0x0000000721c00000, 0x0000000721c00000| Untracked 
|   6|0x0000000721e00000, 0x0000000721e00000, 0x0000000722000000|  0%| F|  |TAMS 0x0000000721e00000, 0x0000000721e00000| Untracked 
|   7|0x0000000722000000, 0x0000000722000000, 0x0000000722200000|  0%| F|  |TAMS 0x0000000722000000, 0x0000000722000000| Untracked 
|   8|0x0000000722200000, 0x0000000722200000, 0x0000000722400000|  0%| F|  |TAMS 0x0000000722200000, 0x0000000722200000| Untracked 
|   9|0x0000000722400000, 0x0000000722400000, 0x0000000722600000|  0%| F|  |TAMS 0x0000000722400000, 0x0000000722400000| Untracked 
|  10|0x0000000722600000, 0x0000000722600000, 0x0000000722800000|  0%| F|  |TAMS 0x0000000722600000, 0x0000000722600000| Untracked 
|  11|0x0000000722800000, 0x0000000722800000, 0x0000000722a00000|  0%| F|  |TAMS 0x0000000722800000, 0x0000000722800000| Untracked 
|  12|0x0000000722a00000, 0x0000000722a00000, 0x0000000722c00000|  0%| F|  |TAMS 0x0000000722a00000, 0x0000000722a00000| Untracked 
|  13|0x0000000722c00000, 0x0000000722c00000, 0x0000000722e00000|  0%| F|  |TAMS 0x0000000722c00000, 0x0000000722c00000| Untracked 
|  14|0x0000000722e00000, 0x0000000722e00000, 0x0000000723000000|  0%| F|  |TAMS 0x0000000722e00000, 0x0000000722e00000| Untracked 
|  15|0x0000000723000000, 0x0000000723000000, 0x0000000723200000|  0%| F|  |TAMS 0x0000000723000000, 0x0000000723000000| Untracked 
|  16|0x0000000723200000, 0x0000000723200000, 0x0000000723400000|  0%| F|  |TAMS 0x0000000723200000, 0x0000000723200000| Untracked 
|  17|0x0000000723400000, 0x0000000723400000, 0x0000000723600000|  0%| F|  |TAMS 0x0000000723400000, 0x0000000723400000| Untracked 
|  18|0x0000000723600000, 0x0000000723600000, 0x0000000723800000|  0%| F|  |TAMS 0x0000000723600000, 0x0000000723600000| Untracked 
|  19|0x0000000723800000, 0x0000000723800000, 0x0000000723a00000|  0%| F|  |TAMS 0x0000000723800000, 0x0000000723800000| Untracked 
|  20|0x0000000723a00000, 0x0000000723a00000, 0x0000000723c00000|  0%| F|  |TAMS 0x0000000723a00000, 0x0000000723a00000| Untracked 
|  21|0x0000000723c00000, 0x0000000723c00000, 0x0000000723e00000|  0%| F|  |TAMS 0x0000000723c00000, 0x0000000723c00000| Untracked 
|  22|0x0000000723e00000, 0x0000000723e00000, 0x0000000724000000|  0%| F|  |TAMS 0x0000000723e00000, 0x0000000723e00000| Untracked 
|  23|0x0000000724000000, 0x0000000724000000, 0x0000000724200000|  0%| F|  |TAMS 0x0000000724000000, 0x0000000724000000| Untracked 
|  24|0x0000000724200000, 0x0000000724200000, 0x0000000724400000|  0%| F|  |TAMS 0x0000000724200000, 0x0000000724200000| Untracked 
|  25|0x0000000724400000, 0x0000000724400000, 0x0000000724600000|  0%| F|  |TAMS 0x0000000724400000, 0x0000000724400000| Untracked 
|  26|0x0000000724600000, 0x0000000724600000, 0x0000000724800000|  0%| F|  |TAMS 0x0000000724600000, 0x0000000724600000| Untracked 
|  27|0x0000000724800000, 0x0000000724800000, 0x0000000724a00000|  0%| F|  |TAMS 0x0000000724800000, 0x0000000724800000| Untracked 
|  28|0x0000000724a00000, 0x0000000724a00000, 0x0000000724c00000|  0%| F|  |TAMS 0x0000000724a00000, 0x0000000724a00000| Untracked 
|  29|0x0000000724c00000, 0x0000000724c00000, 0x0000000724e00000|  0%| F|  |TAMS 0x0000000724c00000, 0x0000000724c00000| Untracked 
|  30|0x0000000724e00000, 0x0000000724e00000, 0x0000000725000000|  0%| F|  |TAMS 0x0000000724e00000, 0x0000000724e00000| Untracked 
|  31|0x0000000725000000, 0x0000000725000000, 0x0000000725200000|  0%| F|  |TAMS 0x0000000725000000, 0x0000000725000000| Untracked 
|  32|0x0000000725200000, 0x0000000725200000, 0x0000000725400000|  0%| F|  |TAMS 0x0000000725200000, 0x0000000725200000| Untracked 
|  33|0x0000000725400000, 0x0000000725400000, 0x0000000725600000|  0%| F|  |TAMS 0x0000000725400000, 0x0000000725400000| Untracked 
|  34|0x0000000725600000, 0x0000000725600000, 0x0000000725800000|  0%| F|  |TAMS 0x0000000725600000, 0x0000000725600000| Untracked 
|  35|0x0000000725800000, 0x0000000725800000, 0x0000000725a00000|  0%| F|  |TAMS 0x0000000725800000, 0x0000000725800000| Untracked 
|  36|0x0000000725a00000, 0x0000000725a00000, 0x0000000725c00000|  0%| F|  |TAMS 0x0000000725a00000, 0x0000000725a00000| Untracked 
|  37|0x0000000725c00000, 0x0000000725c00000, 0x0000000725e00000|  0%| F|  |TAMS 0x0000000725c00000, 0x0000000725c00000| Untracked 
|  38|0x0000000725e00000, 0x0000000725e00000, 0x0000000726000000|  0%| F|  |TAMS 0x0000000725e00000, 0x0000000725e00000| Untracked 
|  39|0x0000000726000000, 0x0000000726000000, 0x0000000726200000|  0%| F|  |TAMS 0x0000000726000000, 0x0000000726000000| Untracked 
|  40|0x0000000726200000, 0x0000000726200000, 0x0000000726400000|  0%| F|  |TAMS 0x0000000726200000, 0x0000000726200000| Untracked 
|  41|0x0000000726400000, 0x0000000726400000, 0x0000000726600000|  0%| F|  |TAMS 0x0000000726400000, 0x0000000726400000| Untracked 
|  42|0x0000000726600000, 0x0000000726600000, 0x0000000726800000|  0%| F|  |TAMS 0x0000000726600000, 0x0000000726600000| Untracked 
|  43|0x0000000726800000, 0x0000000726800000, 0x0000000726a00000|  0%| F|  |TAMS 0x0000000726800000, 0x0000000726800000| Untracked 
|  44|0x0000000726a00000, 0x0000000726a00000, 0x0000000726c00000|  0%| F|  |TAMS 0x0000000726a00000, 0x0000000726a00000| Untracked 
|  45|0x0000000726c00000, 0x0000000726c00000, 0x0000000726e00000|  0%| F|  |TAMS 0x0000000726c00000, 0x0000000726c00000| Untracked 
|  46|0x0000000726e00000, 0x0000000726e00000, 0x0000000727000000|  0%| F|  |TAMS 0x0000000726e00000, 0x0000000726e00000| Untracked 
|  47|0x0000000727000000, 0x0000000727000000, 0x0000000727200000|  0%| F|  |TAMS 0x0000000727000000, 0x0000000727000000| Untracked 
|  48|0x0000000727200000, 0x0000000727200000, 0x0000000727400000|  0%| F|  |TAMS 0x0000000727200000, 0x0000000727200000| Untracked 
|  49|0x0000000727400000, 0x0000000727400000, 0x0000000727600000|  0%| F|  |TAMS 0x0000000727400000, 0x0000000727400000| Untracked 
|  50|0x0000000727600000, 0x0000000727600000, 0x0000000727800000|  0%| F|  |TAMS 0x0000000727600000, 0x0000000727600000| Untracked 
|  51|0x0000000727800000, 0x0000000727800000, 0x0000000727a00000|  0%| F|  |TAMS 0x0000000727800000, 0x0000000727800000| Untracked 
|  52|0x0000000727a00000, 0x0000000727a00000, 0x0000000727c00000|  0%| F|  |TAMS 0x0000000727a00000, 0x0000000727a00000| Untracked 
|  53|0x0000000727c00000, 0x0000000727c00000, 0x0000000727e00000|  0%| F|  |TAMS 0x0000000727c00000, 0x0000000727c00000| Untracked 
|  54|0x0000000727e00000, 0x0000000727e00000, 0x0000000728000000|  0%| F|  |TAMS 0x0000000727e00000, 0x0000000727e00000| Untracked 
|  55|0x0000000728000000, 0x0000000728000000, 0x0000000728200000|  0%| F|  |TAMS 0x0000000728000000, 0x0000000728000000| Untracked 
|  56|0x0000000728200000, 0x0000000728200000, 0x0000000728400000|  0%| F|  |TAMS 0x0000000728200000, 0x0000000728200000| Untracked 
|  57|0x0000000728400000, 0x0000000728400000, 0x0000000728600000|  0%| F|  |TAMS 0x0000000728400000, 0x0000000728400000| Untracked 
|  58|0x0000000728600000, 0x0000000728600000, 0x0000000728800000|  0%| F|  |TAMS 0x0000000728600000, 0x0000000728600000| Untracked 
|  59|0x0000000728800000, 0x0000000728800000, 0x0000000728a00000|  0%| F|  |TAMS 0x0000000728800000, 0x0000000728800000| Untracked 
|  60|0x0000000728a00000, 0x0000000728a00000, 0x0000000728c00000|  0%| F|  |TAMS 0x0000000728a00000, 0x0000000728a00000| Untracked 
|  61|0x0000000728c00000, 0x0000000728c00000, 0x0000000728e00000|  0%| F|  |TAMS 0x0000000728c00000, 0x0000000728c00000| Untracked 
|  62|0x0000000728e00000, 0x0000000728e00000, 0x0000000729000000|  0%| F|  |TAMS 0x0000000728e00000, 0x0000000728e00000| Untracked 
|  63|0x0000000729000000, 0x0000000729000000, 0x0000000729200000|  0%| F|  |TAMS 0x0000000729000000, 0x0000000729000000| Untracked 
|  64|0x0000000729200000, 0x0000000729200000, 0x0000000729400000|  0%| F|  |TAMS 0x0000000729200000, 0x0000000729200000| Untracked 
|  65|0x0000000729400000, 0x0000000729400000, 0x0000000729600000|  0%| F|  |TAMS 0x0000000729400000, 0x0000000729400000| Untracked 
|  66|0x0000000729600000, 0x0000000729600000, 0x0000000729800000|  0%| F|  |TAMS 0x0000000729600000, 0x0000000729600000| Untracked 
|  67|0x0000000729800000, 0x0000000729800000, 0x0000000729a00000|  0%| F|  |TAMS 0x0000000729800000, 0x0000000729800000| Untracked 
|  68|0x0000000729a00000, 0x0000000729a00000, 0x0000000729c00000|  0%| F|  |TAMS 0x0000000729a00000, 0x0000000729a00000| Untracked 
|  69|0x0000000729c00000, 0x0000000729c00000, 0x0000000729e00000|  0%| F|  |TAMS 0x0000000729c00000, 0x0000000729c00000| Untracked 
|  70|0x0000000729e00000, 0x0000000729e00000, 0x000000072a000000|  0%| F|  |TAMS 0x0000000729e00000, 0x0000000729e00000| Untracked 
|  71|0x000000072a000000, 0x000000072a000000, 0x000000072a200000|  0%| F|  |TAMS 0x000000072a000000, 0x000000072a000000| Untracked 
|  72|0x000000072a200000, 0x000000072a200000, 0x000000072a400000|  0%| F|  |TAMS 0x000000072a200000, 0x000000072a200000| Untracked 
|  73|0x000000072a400000, 0x000000072a400000, 0x000000072a600000|  0%| F|  |TAMS 0x000000072a400000, 0x000000072a400000| Untracked 
|  74|0x000000072a600000, 0x000000072a600000, 0x000000072a800000|  0%| F|  |TAMS 0x000000072a600000, 0x000000072a600000| Untracked 
|  75|0x000000072a800000, 0x000000072a800000, 0x000000072aa00000|  0%| F|  |TAMS 0x000000072a800000, 0x000000072a800000| Untracked 
|  76|0x000000072aa00000, 0x000000072aa00000, 0x000000072ac00000|  0%| F|  |TAMS 0x000000072aa00000, 0x000000072aa00000| Untracked 
|  77|0x000000072ac00000, 0x000000072ac00000, 0x000000072ae00000|  0%| F|  |TAMS 0x000000072ac00000, 0x000000072ac00000| Untracked 
|  78|0x000000072ae00000, 0x000000072ae00000, 0x000000072b000000|  0%| F|  |TAMS 0x000000072ae00000, 0x000000072ae00000| Untracked 
|  79|0x000000072b000000, 0x000000072b000000, 0x000000072b200000|  0%| F|  |TAMS 0x000000072b000000, 0x000000072b000000| Untracked 
|  80|0x000000072b200000, 0x000000072b200000, 0x000000072b400000|  0%| F|  |TAMS 0x000000072b200000, 0x000000072b200000| Untracked 
|  81|0x000000072b400000, 0x000000072b400000, 0x000000072b600000|  0%| F|  |TAMS 0x000000072b400000, 0x000000072b400000| Untracked 
|  82|0x000000072b600000, 0x000000072b600000, 0x000000072b800000|  0%| F|  |TAMS 0x000000072b600000, 0x000000072b600000| Untracked 
|  83|0x000000072b800000, 0x000000072b800000, 0x000000072ba00000|  0%| F|  |TAMS 0x000000072b800000, 0x000000072b800000| Untracked 
|  84|0x000000072ba00000, 0x000000072ba00000, 0x000000072bc00000|  0%| F|  |TAMS 0x000000072ba00000, 0x000000072ba00000| Untracked 
|  85|0x000000072bc00000, 0x000000072bc00000, 0x000000072be00000|  0%| F|  |TAMS 0x000000072bc00000, 0x000000072bc00000| Untracked 
|  86|0x000000072be00000, 0x000000072be00000, 0x000000072c000000|  0%| F|  |TAMS 0x000000072be00000, 0x000000072be00000| Untracked 
|  87|0x000000072c000000, 0x000000072c000000, 0x000000072c200000|  0%| F|  |TAMS 0x000000072c000000, 0x000000072c000000| Untracked 
|  88|0x000000072c200000, 0x000000072c200000, 0x000000072c400000|  0%| F|  |TAMS 0x000000072c200000, 0x000000072c200000| Untracked 
|  89|0x000000072c400000, 0x000000072c400000, 0x000000072c600000|  0%| F|  |TAMS 0x000000072c400000, 0x000000072c400000| Untracked 
|  90|0x000000072c600000, 0x000000072c600000, 0x000000072c800000|  0%| F|  |TAMS 0x000000072c600000, 0x000000072c600000| Untracked 
|  91|0x000000072c800000, 0x000000072c800000, 0x000000072ca00000|  0%| F|  |TAMS 0x000000072c800000, 0x000000072c800000| Untracked 
|  92|0x000000072ca00000, 0x000000072ca00000, 0x000000072cc00000|  0%| F|  |TAMS 0x000000072ca00000, 0x000000072ca00000| Untracked 
|  93|0x000000072cc00000, 0x000000072cc00000, 0x000000072ce00000|  0%| F|  |TAMS 0x000000072cc00000, 0x000000072cc00000| Untracked 
|  94|0x000000072ce00000, 0x000000072ce00000, 0x000000072d000000|  0%| F|  |TAMS 0x000000072ce00000, 0x000000072ce00000| Untracked 
|  95|0x000000072d000000, 0x000000072d000000, 0x000000072d200000|  0%| F|  |TAMS 0x000000072d000000, 0x000000072d000000| Untracked 
|  96|0x000000072d200000, 0x000000072d200000, 0x000000072d400000|  0%| F|  |TAMS 0x000000072d200000, 0x000000072d200000| Untracked 
|  97|0x000000072d400000, 0x000000072d400000, 0x000000072d600000|  0%| F|  |TAMS 0x000000072d400000, 0x000000072d400000| Untracked 
|  98|0x000000072d600000, 0x000000072d600000, 0x000000072d800000|  0%| F|  |TAMS 0x000000072d600000, 0x000000072d600000| Untracked 
|  99|0x000000072d800000, 0x000000072d800000, 0x000000072da00000|  0%| F|  |TAMS 0x000000072d800000, 0x000000072d800000| Untracked 
| 100|0x000000072da00000, 0x000000072da00000, 0x000000072dc00000|  0%| F|  |TAMS 0x000000072da00000, 0x000000072da00000| Untracked 
| 101|0x000000072dc00000, 0x000000072dc00000, 0x000000072de00000|  0%| F|  |TAMS 0x000000072dc00000, 0x000000072dc00000| Untracked 
| 102|0x000000072de00000, 0x000000072de00000, 0x000000072e000000|  0%| F|  |TAMS 0x000000072de00000, 0x000000072de00000| Untracked 
| 103|0x000000072e000000, 0x000000072e1c5ee8, 0x000000072e200000| 88%| E|  |TAMS 0x000000072e000000, 0x000000072e000000| Complete 
| 104|0x000000072e200000, 0x000000072e400000, 0x000000072e400000|100%| E|  |TAMS 0x000000072e200000, 0x000000072e200000| Complete 
| 105|0x000000072e400000, 0x000000072e600000, 0x000000072e600000|100%| E|CS|TAMS 0x000000072e400000, 0x000000072e400000| Complete 
| 106|0x000000072e600000, 0x000000072e800000, 0x000000072e800000|100%| E|CS|TAMS 0x000000072e600000, 0x000000072e600000| Complete 
| 107|0x000000072e800000, 0x000000072ea00000, 0x000000072ea00000|100%| E|CS|TAMS 0x000000072e800000, 0x000000072e800000| Complete 
| 108|0x000000072ea00000, 0x000000072ec00000, 0x000000072ec00000|100%| E|CS|TAMS 0x000000072ea00000, 0x000000072ea00000| Complete 
| 109|0x000000072ec00000, 0x000000072ee00000, 0x000000072ee00000|100%| E|CS|TAMS 0x000000072ec00000, 0x000000072ec00000| Complete 
| 110|0x000000072ee00000, 0x000000072f000000, 0x000000072f000000|100%| E|CS|TAMS 0x000000072ee00000, 0x000000072ee00000| Complete 
| 111|0x000000072f000000, 0x000000072f200000, 0x000000072f200000|100%| E|CS|TAMS 0x000000072f000000, 0x000000072f000000| Complete 

Card table byte_map: [0x0000020fff6f0000,0x0000020fffdf0000] _byte_map_base: 0x0000020ffbde7000

Marking Bits (Prev, Next): (CMBitMap*) 0x0000020ffbd0d630, (CMBitMap*) 0x0000020ffbd0d670
 Prev Bits: [0x0000020f8f700000, 0x0000020f92eb8000)
 Next Bits: [0x0000020f92ec0000, 0x0000020f96678000)

Polling page: 0x0000020ffb310000

Metaspace:

Usage:
  Non-class:      4.23 MB used.
      Class:    448.48 KB used.
       Both:      4.67 MB used.

Virtual space:
  Non-class space:       64.00 MB reserved,       4.25 MB (  7%) committed,  1 nodes.
      Class space:        1.00 GB reserved,     512.00 KB ( <1%) committed,  1 nodes.
             Both:        1.06 GB reserved,       4.75 MB ( <1%) committed. 

Chunk freelists:
   Non-Class:  10.83 MB
       Class:  15.52 MB
        Both:  26.34 MB

MaxMetaspaceSize: unlimited
CompressedClassSpaceSize: 1.00 GB
Initial GC threshold: 21.00 MB
Current GC threshold: 21.00 MB
CDS: off
MetaspaceReclaimPolicy: balanced
 - commit_granule_bytes: 65536.
 - commit_granule_words: 8192.
 - virtual_space_node_default_size: 8388608.
 - enlarge_chunks_in_place: 1.
 - new_chunks_are_fully_committed: 0.
 - uncommit_free_chunks: 1.
 - use_allocation_guard: 0.
 - handle_deallocations: 1.


Internal statistics:

num_allocs_failed_limit: 0.
num_arena_births: 4.
num_arena_deaths: 0.
num_vsnodes_births: 2.
num_vsnodes_deaths: 0.
num_space_committed: 76.
num_space_uncommitted: 0.
num_chunks_returned_to_freelist: 0.
num_chunks_taken_from_freelist: 20.
num_chunk_merges: 0.
num_chunk_splits: 11.
num_chunks_enlarged: 9.
num_inconsistent_stats: 0.

CodeHeap 'non-profiled nmethods': size=120000Kb used=99Kb max_used=99Kb free=119900Kb
 bounds [0x0000020f87ad0000, 0x0000020f87d40000, 0x0000020f8f000000]
CodeHeap 'profiled nmethods': size=120000Kb used=798Kb max_used=798Kb free=119201Kb
 bounds [0x0000020f80000000, 0x0000020f80270000, 0x0000020f87530000]
CodeHeap 'non-nmethods': size=5760Kb used=1061Kb max_used=1077Kb free=4698Kb
 bounds [0x0000020f87530000, 0x0000020f877a0000, 0x0000020f87ad0000]
 total_blobs=741 nmethods=419 adapters=235
 compilation: enabled
              stopped_count=0, restarted_count=0
 full_count=0

Compilation events (20 events):
Event: 2.330 Thread 0x0000020f9d0ccb70  407       3       java.util.zip.ZipFile$Source::isSignatureRelated (205 bytes)
Event: 2.331 Thread 0x0000020f9d0ccb70 nmethod 407 0x0000020f800c0190 code [0x0000020f800c0340, 0x0000020f800c07f8]
Event: 2.338 Thread 0x0000020f9d0ccb70  409   !   3       java.nio.charset.CharsetDecoder::decode (275 bytes)
Event: 2.341 Thread 0x0000020f9d0ccb70 nmethod 409 0x0000020f800c0990 code [0x0000020f800c0cc0, 0x0000020f800c2168]
Event: 2.341 Thread 0x0000020f9d0ccb70  410       3       java.lang.Float::isNaN (12 bytes)
Event: 2.341 Thread 0x0000020f9d0ccb70 nmethod 410 0x0000020f800c2810 code [0x0000020f800c29a0, 0x0000020f800c2b18]
Event: 2.341 Thread 0x0000020f9d0ccb70  411       3       java.nio.charset.CharsetDecoder::<init> (10 bytes)
Event: 2.341 Thread 0x0000020f9d0ccb70 nmethod 411 0x0000020f800c2b90 code [0x0000020f800c2d40, 0x0000020f800c2e88]
Event: 2.342 Thread 0x0000020f9d0ccb70  412       3       java.nio.CharBuffer::allocate (20 bytes)
Event: 2.342 Thread 0x0000020f9d0ccb70 nmethod 412 0x0000020f800c2f10 code [0x0000020f800c30c0, 0x0000020f800c32d8]
Event: 2.342 Thread 0x0000020f9d0ccb70  413       3       java.lang.Integer::parseInt (300 bytes)
Event: 2.344 Thread 0x0000020f9d0ccb70 nmethod 413 0x0000020f800c3410 code [0x0000020f800c3800, 0x0000020f800c4ff8]
Event: 2.344 Thread 0x0000020f9d0ccb70  414       3       java.nio.charset.CharsetDecoder::flush (49 bytes)
Event: 2.345 Thread 0x0000020f9d0ccb70 nmethod 414 0x0000020f800c5890 code [0x0000020f800c5a60, 0x0000020f800c5e68]
Event: 2.345 Thread 0x0000020f9d0ccb70  415       3       java.nio.ByteOrder::nativeOrder (4 bytes)
Event: 2.345 Thread 0x0000020f9d0ccb70 nmethod 415 0x0000020f800c5f90 code [0x0000020f800c6120, 0x0000020f800c6218]
Event: 2.349 Thread 0x0000020f9d0ccb70  416       3       java.nio.ByteBuffer::limit (8 bytes)
Event: 2.349 Thread 0x0000020f9d0ccb70 nmethod 416 0x0000020f800c6290 code [0x0000020f800c6420, 0x0000020f800c6568]
Event: 2.353 Thread 0x0000020f9d0ccb70  417       3       java.nio.ByteBuffer::array (35 bytes)
Event: 2.354 Thread 0x0000020f9d0ccb70 nmethod 417 0x0000020f800c6610 code [0x0000020f800c67e0, 0x0000020f800c6ab8]

GC Heap History (0 events):
No events

Dll operation events (4 events):
Event: 0.048 Loaded shared library C:\Program Files\Processing\runtime\bin\java.dll
Event: 1.246 Loaded shared library C:\Program Files\Processing\runtime\bin\net.dll
Event: 1.250 Loaded shared library C:\Program Files\Processing\runtime\bin\nio.dll
Event: 1.286 Loaded shared library C:\Program Files\Processing\runtime\bin\zip.dll

Deoptimization events (18 events):
Event: 1.066 Thread 0x0000020ffbcad9e0 DEOPT PACKING pc=0x0000020f80007ee7 sp=0x00000056623fe210
Event: 1.066 Thread 0x0000020ffbcad9e0 DEOPT UNPACKING pc=0x0000020f87587143 sp=0x00000056623fd630 mode 0
Event: 1.138 Thread 0x0000020ffbcad9e0 DEOPT PACKING pc=0x0000020f800052d1 sp=0x00000056623fe2a0
Event: 1.139 Thread 0x0000020ffbcad9e0 DEOPT UNPACKING pc=0x0000020f87587143 sp=0x00000056623fd718 mode 0
Event: 1.206 Thread 0x0000020ffbcad9e0 Uncommon trap: trap_request=0xffffff45 fr.pc=0x0000020f87ad0ff8 relative=0x0000000000000078
Event: 1.206 Thread 0x0000020ffbcad9e0 Uncommon trap: reason=unstable_if action=reinterpret pc=0x0000020f87ad0ff8 method=java.lang.String.isLatin1()Z @ 10 c2
Event: 1.206 Thread 0x0000020ffbcad9e0 DEOPT PACKING pc=0x0000020f87ad0ff8 sp=0x00000056623ff0d0
Event: 1.206 Thread 0x0000020ffbcad9e0 DEOPT UNPACKING pc=0x0000020f875869a3 sp=0x00000056623ff010 mode 2
Event: 1.213 Thread 0x0000020ffbcad9e0 Uncommon trap: trap_request=0xffffff45 fr.pc=0x0000020f87ad2a84 relative=0x0000000000000184
Event: 1.213 Thread 0x0000020ffbcad9e0 Uncommon trap: reason=unstable_if action=reinterpret pc=0x0000020f87ad2a84 method=java.lang.StringLatin1.indexOfChar([BIII)I @ 19 c2
Event: 1.213 Thread 0x0000020ffbcad9e0 DEOPT PACKING pc=0x0000020f87ad2a84 sp=0x00000056623fdee0
Event: 1.213 Thread 0x0000020ffbcad9e0 DEOPT UNPACKING pc=0x0000020f875869a3 sp=0x00000056623fde58 mode 2
Event: 1.318 Thread 0x0000020ffbcad9e0 DEOPT PACKING pc=0x0000020f80031ad1 sp=0x00000056623fdc70
Event: 1.319 Thread 0x0000020ffbcad9e0 DEOPT UNPACKING pc=0x0000020f87587143 sp=0x00000056623fd0e8 mode 0
Event: 1.838 Thread 0x0000020ffbcad9e0 DEOPT PACKING pc=0x0000020f8006de34 sp=0x00000056623fc9d0
Event: 1.838 Thread 0x0000020ffbcad9e0 DEOPT UNPACKING pc=0x0000020f87587143 sp=0x00000056623fbe40 mode 0
Event: 1.838 Thread 0x0000020ffbcad9e0 DEOPT PACKING pc=0x0000020f8006de34 sp=0x00000056623fc9d0
Event: 1.838 Thread 0x0000020ffbcad9e0 DEOPT UNPACKING pc=0x0000020f87587143 sp=0x00000056623fbe40 mode 0

Classes unloaded (0 events):
No events

Classes redefined (0 events):
No events

Internal exceptions (0 events):
No events

VM Operations (6 events):
Event: 1.218 Executing VM operation: Cleanup
Event: 1.225 Executing VM operation: Cleanup done
Event: 1.293 Executing VM operation: HandshakeAllThreads
Event: 1.293 Executing VM operation: HandshakeAllThreads done
Event: 2.294 Executing VM operation: Cleanup
Event: 2.294 Executing VM operation: Cleanup done

Events (20 events):
Event: 1.707 loading class java/lang/InstantiationException
Event: 1.707 loading class java/lang/InstantiationException done
Event: 1.707 loading class java/lang/IllegalAccessException
Event: 1.707 loading class java/lang/IllegalAccessException done
Event: 1.827 loading class java/util/ArrayList$Itr
Event: 1.827 loading class java/util/ArrayList$Itr done
Event: 1.987 loading class java/util/jar/JarVerifier
Event: 1.989 loading class java/util/jar/JarVerifier done
Event: 1.989 loading class java/security/CodeSigner
Event: 1.990 loading class java/security/CodeSigner done
Event: 1.991 loading class java/util/StringTokenizer
Event: 1.991 loading class java/util/StringTokenizer done
Event: 1.992 loading class jdk/internal/loader/URLClassPath$FileLoader
Event: 1.992 loading class jdk/internal/loader/URLClassPath$FileLoader done
Event: 1.997 loading class java/io/FileNotFoundException
Event: 1.997 loading class java/io/IOException
Event: 1.997 loading class java/io/IOException done
Event: 1.997 loading class java/io/FileNotFoundException done
Event: 1.997 loading class java/security/PrivilegedActionException
Event: 1.997 loading class java/security/PrivilegedActionException done


Dynamic libraries:
0x00007ff788e50000 - 0x00007ff788ec8000 	C:\Program Files\Processing\Processing.exe
0x00007ffe90af0000 - 0x00007ffe90d07000 	C:\Windows\SYSTEM32\ntdll.dll
0x00007ffe8e830000 - 0x00007ffe8e8f4000 	C:\Windows\System32\KERNEL32.DLL
0x00007ffe8e270000 - 0x00007ffe8e61c000 	C:\Windows\System32\KERNELBASE.dll
0x00007ffe8e900000 - 0x00007ffe8eaae000 	C:\Windows\System32\USER32.dll
0x00007ffe8e150000 - 0x00007ffe8e176000 	C:\Windows\System32\win32u.dll
0x00007ffe8fe90000 - 0x00007ffe8feb9000 	C:\Windows\System32\GDI32.dll
0x00007ffe8de20000 - 0x00007ffe8df39000 	C:\Windows\System32\gdi32full.dll
0x00007ffe8e790000 - 0x00007ffe8e82a000 	C:\Windows\System32\msvcp_win.dll
0x00007ffe8e030000 - 0x00007ffe8e141000 	C:\Windows\System32\ucrtbase.dll
0x00007ffe90070000 - 0x00007ffe908cc000 	C:\Windows\System32\SHELL32.dll
0x00007ffe8fd50000 - 0x00007ffe8fd81000 	C:\Windows\System32\IMM32.DLL
0x00007ffe8eab0000 - 0x00007ffe8eba4000 	C:\Windows\System32\shcore.dll
0x00007ffe721d0000 - 0x00007ffe721e7000 	C:\Program Files\Processing\runtime\bin\jli.dll
0x00007ffe72cd0000 - 0x00007ffe72f63000 	C:\Windows\WinSxS\amd64_microsoft.windows.common-controls_6595b64144ccf1df_6.0.22621.3672_none_2713b9d173822955\COMCTL32.dll
0x00007ffe8fd90000 - 0x00007ffe8fe37000 	C:\Windows\System32\msvcrt.dll
0x00007ffe65720000 - 0x00007ffe65739000 	C:\Program Files\Processing\runtime\bin\VCRUNTIME140.dll
0x00007ffe7bdf0000 - 0x00007ffe7bdfc000 	C:\Program Files\Processing\runtime\bin\vcruntime140_1.dll
0x00007ffe2a810000 - 0x00007ffe2a8a1000 	C:\Program Files\Processing\runtime\bin\msvcp140.dll
0x00007ffde7050000 - 0x00007ffde7c9c000 	C:\Program Files\Processing\runtime\bin\server\jvm.dll
0x00007ffe8f160000 - 0x00007ffe8f212000 	C:\Windows\System32\ADVAPI32.dll
0x00007ffe8fec0000 - 0x00007ffe8ff6a000 	C:\Windows\System32\sechost.dll
0x00007ffe8e240000 - 0x00007ffe8e268000 	C:\Windows\System32\bcrypt.dll
0x00007ffe8f230000 - 0x00007ffe8f345000 	C:\Windows\System32\RPCRT4.dll
0x00007ffe8db30000 - 0x00007ffe8db7d000 	C:\Windows\SYSTEM32\POWRPROF.dll
0x00007ffe86b20000 - 0x00007ffe86b2a000 	C:\Windows\SYSTEM32\VERSION.dll
0x00007ffe7c330000 - 0x00007ffe7c339000 	C:\Windows\SYSTEM32\WSOCK32.dll
0x00007ffe86790000 - 0x00007ffe867c4000 	C:\Windows\SYSTEM32\WINMM.dll
0x00007ffe8fcd0000 - 0x00007ffe8fd41000 	C:\Windows\System32\WS2_32.dll
0x00007ffe8da60000 - 0x00007ffe8da73000 	C:\Windows\SYSTEM32\UMPDC.dll
0x00007ffe8cdb0000 - 0x00007ffe8cdc8000 	C:\Windows\SYSTEM32\kernel.appcore.dll
0x00007ffe7adc0000 - 0x00007ffe7adca000 	C:\Program Files\Processing\runtime\bin\jimage.dll
0x00007ffe833f0000 - 0x00007ffe83622000 	C:\Windows\SYSTEM32\DBGHELP.DLL
0x00007ffe8f360000 - 0x00007ffe8f6e8000 	C:\Windows\System32\combase.dll
0x00007ffe8ef50000 - 0x00007ffe8f027000 	C:\Windows\System32\OLEAUT32.dll
0x00007ffe850c0000 - 0x00007ffe850f2000 	C:\Windows\SYSTEM32\dbgcore.DLL
0x00007ffe8df40000 - 0x00007ffe8dfbb000 	C:\Windows\System32\bcryptPrimitives.dll
0x00007ffe5a4d0000 - 0x00007ffe5a4f5000 	C:\Program Files\Processing\runtime\bin\java.dll
0x00007ffe8bd20000 - 0x00007ffe8c617000 	C:\Windows\SYSTEM32\windows.storage.dll
0x00007ffe8bbe0000 - 0x00007ffe8bd1f000 	C:\Windows\SYSTEM32\wintypes.dll
0x00007ffe8ecc0000 - 0x00007ffe8ed1e000 	C:\Windows\System32\shlwapi.dll
0x00007ffe8dd50000 - 0x00007ffe8dd71000 	C:\Windows\SYSTEM32\profapi.dll
0x00007ffe8ae00000 - 0x00007ffe8ae19000 	C:\Program Files\Processing\runtime\bin\net.dll
0x00007ffe87120000 - 0x00007ffe87256000 	C:\Windows\SYSTEM32\WINHTTP.dll
0x00007ffe8d270000 - 0x00007ffe8d2d9000 	C:\Windows\system32\mswsock.dll
0x00007ffe7afa0000 - 0x00007ffe7afb5000 	C:\Program Files\Processing\runtime\bin\nio.dll
0x00007ffe7af80000 - 0x00007ffe7af98000 	C:\Program Files\Processing\runtime\bin\zip.dll

dbghelp: loaded successfully - version: 4.0.5 - missing functions: none
symbol engine: initialized successfully - sym options: 0x614 - pdb path: .;C:\Program Files\Processing;C:\Windows\SYSTEM32;C:\Program Files\Processing\runtime\bin;C:\Windows\WinSxS\amd64_microsoft.windows.common-controls_6595b64144ccf1df_6.0.22621.3672_none_2713b9d173822955;C:\Program Files\Processing\runtime\bin\server

VM Arguments:
jvm_args: -Djpackage.app-version=4.4.10 -Dcompose.application.resources.dir=C:\Program Files\Processing\app\resources -Dcompose.application.configure.swing.globals=true -Dprocessing.version=4.4.10 -Dprocessing.revision=1310 -Dprocessing.contributions.source=https://contributions.processing.org/contribs -Dprocessing.download.page=https://processing.org/download/ -Dprocessing.download.latest=https://processing.org/download/latest.txt -Dprocessing.tutorials=https://processing.org/tutorials/ -Dsun.java2d.metal=true -Dawt.useSystemAAFontSettings=on -Dskiko.library.path=C:\Program Files\Processing\app -Djpackage.app-path=C:\Program Files\Processing\Processing.exe 
java_command: processing.app.ProcessingKt lsp
java_class_path (initial): C:\Program Files\Processing\app\app-4.4.10-1262a0c48e8033e574b2ba5d3bc7d8f3.jar;C:\Program Files\Processing\app\animation-core-desktop-1.7.1-87bb47dcf611207d17ac1fabc2155e1.jar;C:\Program Files\Processing\app\animation-desktop-1.7.1-405fd87261449d20aacb4543f98b26b.jar;C:\Program Files\Processing\app\annotation-jvm-1.8.0-3c74b73c0c75521f67964f11b28dec9.jar;C:\Program Files\Processing\app\annotations-23.0.0-8484cd17d040d837983323f760b2c660.jar;C:\Program Files\Processing\app\ant-1.10.14-263e0d844d0e4efa54440ec5ed6362a.jar;C:\Program Files\Processing\app\ant-launcher-1.10.14-e6c71b2f05383e1fb891e99f5267663.jar;C:\Program Files\Processing\app\antlr-2.7.7-f8f1352c52a4c6a50b59759651fc64.jar;C:\Program Files\Processing\app\antlr-runtime-3.5.3-b5cce1bb9c8190e2e641fc439daa.jar;C:\Program Files\Processing\app\antlr4-4.13.2-307387ba9ce03f1e566b5ce82a121a.jar;C:\Program Files\Processing\app\antlr4-runtime-4.13.2-eecf198f0cfff10f8bb82878b5ca41.jar;C:\Program Files\Processing\app\atomicfu-jvm-0.23.2-5e4f88ed1c37222d791f5dcadf481498.jar;C:\Program Files\Processing\app\classpath-explorer-1.0-caab34e762a7f05d30ac7d40af90b3ef.jar;C:\Program Files\Processing\app\clikt-jvm-56324132fdbcd27f903c16d7bcfa4b8.jar;C:\Program Files\Processing\app\clikt-mordant-jvm-3c28e5f442b1e2978ce8fbd2f56e541.jar;C:\Program Files\Processing\app\collection-jvm-1.4.0-3f0597ec99a52ecdbf6f3962c5dc77a.jar;C:\Program Files\Processing\app\colormath-jvm-6a279b2713acb5c7ffb5e683bf2841.jar;C:\Program Files\Processing\app\compottie-desktop-2.0.0-rc02-5f1edfd67e18f4319b4c781c2b3d1e4.jar;C:\Program Files\Processing\app\core-4.4.10-d48f8314f75d5f17da8c27e669f9ace.jar;C:\Program Files\Processing\app\core-common-2.2.0-2212d240dfe1e8a7598ee117ccc316d.jar;C:\Program Files\Processing\app\desktop-jvm-1.7.1-de424e1ca627c3ee7de0f1f65430b2c5.jar;C:\Program Files\Processing\app\flatlaf-2.4-6481e9fa65e13e28c37547e0fd1dc2.jar;C:\Program Files\Processing\app\foundation-desktop-1.7.1-2d7e40c714a890b0ea366
Launcher Type: SUN_STANDARD

[Global flags]
     intx CICompilerCount                          = 4                                         {product} {ergonomic}
     uint ConcGCThreads                            = 2                                         {product} {ergonomic}
     uint G1ConcRefinementThreads                  = 8                                         {product} {ergonomic}
   size_t G1HeapRegionSize                         = 2097152                                   {product} {ergonomic}
    uintx GCDrainStackTargetSize                   = 64                                        {product} {ergonomic}
   size_t InitialHeapSize                          = 234881024                                 {product} {ergonomic}
   size_t MarkStackSize                            = 4194304                                   {product} {ergonomic}
   size_t MaxHeapSize                              = 3739222016                                {product} {ergonomic}
   size_t MaxNewSize                               = 2241855488                                {product} {ergonomic}
   size_t MinHeapDeltaBytes                        = 2097152                                   {product} {ergonomic}
   size_t MinHeapSize                              = 8388608                                   {product} {ergonomic}
    uintx NonNMethodCodeHeapSize                   = 5839372                                {pd product} {ergonomic}
    uintx NonProfiledCodeHeapSize                  = 122909434                              {pd product} {ergonomic}
    uintx ProfiledCodeHeapSize                     = 122909434                              {pd product} {ergonomic}
    uintx ReservedCodeCacheSize                    = 251658240                              {pd product} {ergonomic}
     bool SegmentedCodeCache                       = true                                      {product} {ergonomic}
   size_t SoftMaxHeapSize                          = 3739222016                             {manageable} {ergonomic}
     bool UseCompressedClassPointers               = true                           {product lp64_product} {ergonomic}
     bool UseCompressedOops                        = true                           {product lp64_product} {ergonomic}
     bool UseG1GC                                  = true                                      {product} {ergonomic}
     bool UseLargePagesIndividualAllocation        = false                                  {pd product} {ergonomic}

Logging:
Log output configuration:
 #0: stdout all=warning uptime,level,tags
 #1: stderr all=off uptime,level,tags

Environment Variables:
PATH=C:\VulkanSDK\1.4.335.0\Bin;C:\Program Files (x86)\Common Files\Oracle\Java\java8path;C:\Program Files (x86)\Common Files\Oracle\Java\javapath;C:\Program Files\Lapce\;C:\Windows\system32;C:\Windows;C:\Windows\System32\Wbem;C:\Windows\System32\WindowsPowerShell\v1.0\;C:\Windows\System32\OpenSSH\;C:\Program Files\dotnet\;C:\Program Files\Go\bin;C:\Program Files\Neovim\bin;C:\ProgramData\chocolatey\bin;C:\Program Files (x86)\Windows Kits\10\Windows Performance Toolkit\;C:\Program Files (x86)\Visual Leak Detector\bin\Win32;C:\Program Files (x86)\Visual Leak Detector\bin\Win64;C:\Program Files\Git\cmd;C:\Program Files\CMake\bin;C:\Program Files\WireGuard\;E:\axmol-dev\tools\cmdline;C:\Users\user\AppData\Local\Programs\Python\Python313\Scripts\;C:\Users\user\AppData\Local\Programs\Python\Python313\;e:\Cocos2Dx\cocos2d-x-4.0\templates;e:\Cocos2Dx\cocos2d-x-4.0\tools\cocos2d-console\bin;C:\Users\user\AppData\Local\Programs\Python\Python312\Scripts\;C:\Users\user\AppData\Local\Programs\Python\Python312\;C:\Users\user\AppData\Local\Microsoft\WindowsApps;C:\Users\user\go\bin;D:\IntelliJ IDEA Community Edition 2024.2.2\bin;D:\PyCharm Community Edition 2024.2.2\bin;Ñ:\Python27;E:\CLion 2025.1.2\bin;E:\Microsoft VS Code\bin;C:\raylib\w64devkit\bin;C:\Program Files\Processing\;C:\Program Files\JetBrains\PyCharm 2025.3\bin;C:\Users\user\.dotnet\tools;C:\Program Files\Processing\app
USERNAME=user
OS=Windows_NT
PROCESSOR_IDENTIFIER=AMD64 Family 23 Model 24 Stepping 1, AuthenticAMD
TMP=C:\Users\user\AppData\Local\Temp
TEMP=C:\Users\user\AppData\Local\Temp



---------------  S Y S T E M  ---------------

OS:
 Windows 11 , 64 bit Build 22621 (10.0.22621.3672)
OS uptime: 0 days 15:05 hours
Hyper-V role detected

CPU: total 8 (initial active 8) (8 cores per cpu, 2 threads per core) family 23 model 24 stepping 1 microcode 0x0, cx8, cmov, fxsr, ht, mmx, 3dnowpref, sse, sse2, sse3, ssse3, sse4a, sse4.1, sse4.2, popcnt, lzcnt, tsc, tscinvbit, avx, avx2, aes, clmul, bmi1, bmi2, adx, sha, fma, vzeroupper, clflush, clflushopt, hv
Processor Information for all 8 processors :
  Max Mhz: 3700, Current Mhz: 3700, Mhz Limit: 3700

Memory: 4k page, system-wide physical 14261M (4360M free)
TotalPageFile size 18357M (AvailPageFile size 6M)
current process WorkingSet (physical memory assigned to process): 54M, peak: 54M
current process commit charge ("private bytes"): 316M, peak: 316M

vm_info: OpenJDK 64-Bit Server VM (17.0.8.1+1) for windows-amd64 JRE (17.0.8.1+1), built on Aug 23 2023 15:29:17 by "admin" with MS VC++ 16.7 (VS2019)

END.
